<html>
<body>
<pre>
<h1>µVision Build Log</h1>
<h2>Tool Versions:</h2>
IDE-Version: ¦ÌVision V5.33.0.0
Copyright (C) 2020 ARM Ltd and ARM Germany GmbH. All rights reserved.
License Information: 1 2, 3, LIC=76F5U-SY37S-QDNKD-8WX8Y-VVYY2-5Q1LE
 
Tool Versions:
Toolchain:       MDK-ARM Plus  Version: 5.33.0.0
Toolchain Path:  D:\Keil_v5\ARM\ARMCC\Bin
C Compiler:      Armcc.exe V5.06 update 7 (build 960)
Assembler:       Armasm.exe V5.06 update 7 (build 960)
Linker/Locator:  ArmLink.exe V5.06 update 7 (build 960)
Library Manager: ArmAr.exe V5.06 update 7 (build 960)
Hex Converter:   FromElf.exe V5.06 update 7 (build 960)
CPU DLL:         SARMCM3.DLL V5.33.0.0
Dialog DLL:      DCM.DLL V1.17.3.0
Target DLL:      Segger\JL2CM3.dll V2.99.13.0
Dialog DLL:      TCM.DLL V1.48.0.0
 
<h2>Project:</h2>
C:\Users\Home\Desktop\New Folder\f407_FreeRTOS+LVGL_demo\USER\001.uvprojx
Project File Date:  08/18/2021

<h2>Output:</h2>
*** Using Compiler 'V5.06 update 7 (build 960)', folder: 'D:\Keil_v5\ARM\ARMCC\Bin'
Build target 'demo'
compiling rtc.c...
compiling key.c...
compiling usart.c...
compiling gui.c...
..\GUI_APP\gui.c(474): warning:  #177-D: variable "label"  was declared but never referenced
  	lv_obj_t * label;
..\GUI_APP\gui.c: 1 warning, 0 errors
compiling main.c...
main.c(452): warning:  #550-D: variable "xReturn"  was set but never used
  	BaseType_t	xReturn;
main.c(554): warning:  #550-D: variable "xReturn"  was set but never used
  	BaseType_t	xReturn;
main.c(583): warning:  #550-D: variable "xReturn"  was set but never used
  	BaseType_t	xReturn;
main.c(717): warning:  #550-D: variable "card_size"  was set but never used
  	uint8_t status,card_size,oled_show;
main.c(839): warning:  #550-D: variable "EventValue"  was set but never used
  	EventBits_t EventValue;
main.c(1169): warning:  #550-D: variable "xReturn"  was set but never used
  	BaseType_t	xReturn;
main.c(1264): warning:  #550-D: variable "EventValue"  was set but never used
  	EventBits_t EventValue;
main.c: 7 warnings, 0 errors
linking...
Program Size: Code=170264 RO-data=157784 RW-data=2008 ZI-data=115944  
FromELF: creating hex file...
".\Objects\001.axf" - 0 Error(s), 8 Warning(s).

<h2>Software Packages used:</h2>

Package Vendor: Keil
                http://www.keil.com/pack/Keil.STM32F4xx_DFP.2.14.0.pack
                Keil.STM32F4xx_DFP.2.14.0
                STMicroelectronics STM32F4 Series Device Support, Drivers and Examples

<h2>Collection of Component include folders:</h2>
  D:\Keil_v5\Arm\Packs\Keil\STM32F4xx_DFP\2.14.0\Drivers\CMSIS\Device\ST\STM32F4xx\Include

<h2>Collection of Component Files used:</h2>
Build Time Elapsed:  00:00:04
</pre>
</body>
</html>
